// Jest Snapshot v1, https://goo.gl/fbAQLP

exports[`App component test snapshot test 1`] = `
<ul>
  <li>
    <a
      href="#/home"
    >
      Home Page
    </a>
  </li>
  <li>
    <a
      href="#/game"
    >
      Game Page
    </a>
  </li>
</ul>
`;
